// Snapshot v1

exports[`DOM snapshots > should match command result snapshot 1`] = `
{
  "parsed": {
    "string": "700",
    "type": "number",
    "unit": "",
    "value": 700,
  },
  "property": "font-weight",
  "value": 700,
}
`;

exports[`DOM snapshots > should match element outerHTML snapshot (ChainablePromiseElement) 1`] = `"<a href="https://github.com" id="githubRepo" class="clearfix" data-foundby="link text">GitHub Repo</a>"`;

exports[`DOM snapshots > should match element outerHTML snapshot (Element) 1`] = `"<a href="https://github.com" id="githubRepo" class="clearfix" data-foundby="link text">GitHub Repo</a>"`;

exports[`Multiple element snapshots > should snapshot navigation links 1`] = `
[
  "pointer.html",
  "gestureTest.html",
  "index.html",
  "./two.html",
  "https://github.com",
]
`;

exports[`Object snapshots > should match arbitrary object snapshot 1`] = `
{
  "features": [
    "browser",
    "mobile",
    "desktop",
  ],
  "framework": "WebdriverIO",
  "type": "automation",
}
`;
